// Jest Snapshot v1, https://goo.gl/fbAQLP

exports[`Info Pair Component Structure 1`] = `
<div
  className="page-container"
>
  <div
    className="page-header"
  >
    <div
      className="page-logo"
    />
  </div>
</div>
`;
